// Jest Snapshot v1, https://goo.gl/fbAQLP

exports[`FeaturedLessons renders correctly when there are no items 1`] = `
<section
  className="featuredLessonsWrapper"
  id="featuredLessons"
>
  <div
    className="header"
  >
    <h1>
      Featured Lessons
    </h1>
  </div>
  <div
    className="links"
  >
    <a
      href="lessons/Indicators"
    >
      <h1>
        Indicators
      </h1>
    </a>
    <a
      href="lessons/CellsTissuesOrgans"
    >
      <h1>
        Cells, Tissues, Organs
      </h1>
    </a>
    <a
      href="lessons/DNA"
    >
      <h1>
        DNA
      </h1>
    </a>
  </div>
</section>
`;
