// Jest Snapshot v1, https://goo.gl/fbAQLP

exports[`Atoms renders correctly when there are no items 1`] = `
Array [
  <section
    className="lesson-container"
    id="visual"
  >
    <div
      id="atoms"
    >
      <div
        className="eye1"
      >
        <img
          src="test-file-stub"
        />
      </div>
      <div
        className="eye2"
      >
        <img
          src="test-file-stub"
        />
      </div>
      <div
        className="gurprit"
      >
        <div
          className="face facepiece"
        >
          <svg
            viewBox="0 0 744.1 1052.4"
          >
            <ellipse
              cx="371.4"
              cy="-493.8"
              rx="270"
              ry="270"
              style={
                Object {
                  "fill": "#00ff00",
                  "stroke": "#000",
                  "strokeLinecap": "square",
                  "strokeWidth": "10",
                }
              }
              transform="scale(1,-1)"
            />
          </svg>
        </div>
        <svg
          viewBox="0 0 744.1 1052.4"
        />
      </div>
      <svg
        style={
          Object {
            "display": "none",
          }
        }
        version="1.1"
        xmlns="http:www.w3.org/2000/svg"
      >
        <defs>
          <filter
            id="squiggly-0"
          >
            <feTurbulence
              baseFrequency="0.02"
              id="turbulence"
              numOctaves="3"
              result="noise"
              seed="0"
            />
            <feDisplacementMap
              id="displacement"
              in="SourceGraphic"
              in2="noise"
              scale="2"
            />
          </filter>
          <filter
            id="squiggly-1"
          >
            <feTurbulence
              baseFrequency="0.02"
              id="turbulence"
              numOctaves="3"
              result="noise"
              seed="1"
            />
            <feDisplacementMap
              in="SourceGraphic"
              in2="noise"
              scale="3"
            />
          </filter>
          <filter
            id="squiggly-2"
          >
            <feTurbulence
              baseFrequency="0.02"
              id="turbulence"
              numOctaves="3"
              result="noise"
              seed="2"
            />
            <feDisplacementMap
              in="SourceGraphic"
              in2="noise"
              scale="2"
            />
          </filter>
          <filter
            id="squiggly-3"
          >
            <feTurbulence
              baseFrequency="0.02"
              id="turbulence"
              numOctaves="3"
              result="noise"
              seed="3"
            />
            <feDisplacementMap
              in="SourceGraphic"
              in2="noise"
              scale="3"
            />
          </filter>
          <filter
            id="squiggly-4"
          >
            <feTurbulence
              baseFrequency="0.02"
              id="turbulence"
              numOctaves="3"
              result="noise"
              seed="4"
            />
            <feDisplacementMap
              in="SourceGraphic"
              in2="noise"
              scale="1"
            />
          </filter>
        </defs>
      </svg>
    </div>
  </section>,
  <section
    id="text"
  >
    <div
      dangerouslySetInnerHTML={
        Object {
          "__html": undefined,
        }
      }
    />
  </section>,
]
`;
